1779198371.596 L2
1779198371.655 A
1779198372.155 L2
1779198372.194 A
1779198376.555 L2
1779198376.635 A
1779198378.415 L2
1779198378.494 Y
1779198383.716 Up
1779198384.240 Up
1779198384.556 Down
1779198384.836 Down
1779198385.576 L2
1779198385.716 Y
1779198392.157 L2
1779198392.236 Y
1779198395.656 L2
1779198395.896 Y
1779198397.297 L2
1779198397.376 Y
1779198398.176 L2
1779198398.237 Y
1779198399.536 L2
1779198399.656 Y
1779198404.436 Down
1779198405.396 Up
1779198419.776 L2
1779198419.816 A
1779198420.556 L2
1779198420.597 A
1779198421.076 L2+Y
1779198423.336 L2
1779198423.416 A
1779198425.016 L2
1779198425.156 A
1779198425.776 L2
1779198425.896 A
1779198426.476 Up
1779198426.716 Up
1779198426.936 Up
1779198427.176 Up
1779198427.537 Down
1779198427.796 Down
1779198431.256 L2
1779198431.656 A
1779198432.256 L2
1779198432.376 A
1779198432.956 L2
1779198433.056 A
1779198433.336 L2
1779198433.356 A
1779198433.576 A
1779198434.036 A
1779198434.296 A
1779198434.516 A
1779198434.716 A
1779198434.896 A
1779198435.076 A
1779198435.256 A
1779198435.436 A
1779198457.076 Up
1779198457.536 Up
1779198458.076 Up
1779198458.456 Up
1779198458.876 Up
1779198459.436 Down
1779198460.396 Up
1779198460.656 Up
1779198461.536 Up
1779198462.056 Down
1779198462.596 Down
1779198462.996 Left
1779198463.516 Right
1779198464.416 R1
1779198464.696 R1
1779198465.196 L1
1779198465.836 R1+R2
1779198466.996 R2
1779198467.436 L2
1779198468.796 B
1779198469.196 A
1779198469.596 X
1779198469.896 Y
1779198471.916 Left
1779198472.476 Right
1779198472.836 Up
1779198473.196 Down
1779198478.976 L2
1779198479.055 A
1779198479.596 L2
1779198479.716 A
1779198480.336 A
1779198480.816 L2
1779198481.096 A
1779198481.596 L2+A
1779198485.836 L2
1779198485.855 Y
1779198490.156 L2
1779198490.195 Y
1779198491.896 L2
1779198491.935 Y
1779198518.696 X
1779198518.916 X
1779198519.456 X
1779198519.635 X
1779198522.578 L2
1779198522.756 A
1779198525.879 L2
1779198525.916 Y
1779198824.239 L2
1779198824.279 A
1779198827.419 Left
1779198827.521 Start
1779198829.279 Right
1779198829.400 Start
1779198832.421 X
1779198836.939 Y
1779198845.641 Right
1779198845.881 Start
1779198850.159 Left
1779198850.439 Start
1779198853.119 Right
1779198853.299 Start
1779198856.239 L1
1779198856.359 Start
1779198865.501 Right
1779198865.659 Start
1779198873.581 X
1779198919.801 X
1779198928.841 L2
1779198928.982 Select
1779198929.761 L2
1779198929.961 Select
1779198932.081 Y
1779198936.981 Select
1779198945.321 Select
1779198947.221 Down
1779198947.681 Up
1779198953.701 Left
1779198953.781 Start
1779198961.481 X
1779198969.141 L2
1779198969.201 A
1779198969.682 L2
1779198969.702 A
1779198970.581 X
1779198993.901 L2
1779198994.061 A
1779199001.661 Right
1779199001.761 Start
1779199004.441 L2
1779199004.501 A
1779199004.942 L2
1779199005.002 A
1779199007.501 L2
1779199007.522 Y
1779199018.523 L2
1779199018.563 Y
